Godot Engine v4.7.2.stable.official.ed1daf0bf - https://godotengine.org

ART.spikes_hookup PASS
ART.spikes_shallow_bounded.3.6x11.9.0 PASS
ART.spikes_envelope PASS
ART.spikes_body_support PASS
ART.spikes_hookup PASS
ART.spikes_shallow_bounded.3.6x11.9.1 PASS
ART.spikes_envelope PASS
ART.spikes_body_support PASS
ART.spikes_hookup PASS
ART.spikes_shallow_bounded.3.6x11.9.2 PASS
ART.spikes_envelope PASS
ART.spikes_body_support PASS
ART.spikes_hookup PASS
ART.spikes_shallow_bounded.3.6x11.9.3 PASS
ART.spikes_envelope PASS
ART.spikes_body_support PASS
ART.spikes_hookup PASS
ART.spikes_shallow_bounded.3.6x11.9.4 PASS
ART.spikes_envelope PASS
ART.spikes_body_support PASS
ART.spikes_hookup PASS
ART.spikes_shallow_bounded.3.6x11.9.5 PASS
ART.spikes_envelope PASS
ART.spikes_body_support PASS
ART.spikes_hookup PASS
ART.spikes_shallow_bounded.3.6x11.9.6 PASS
ART.spikes_envelope PASS
ART.spikes_body_support PASS
ART.spikes_hookup PASS
ART.spikes_shallow_bounded.3.6x11.9.7 PASS
ART.spikes_envelope PASS
ART.spikes_body_support PASS
ART.spikes_hookup PASS
ART.spikes_shallow_bounded.3.6x11.9.8 PASS
ART.spikes_envelope PASS
ART.spikes_body_support PASS
ART.spikes_hookup PASS
ART.spikes_shallow_bounded.3.6x11.9.9 PASS
ART.spikes_envelope PASS
ART.spikes_body_support PASS
ART.spikes_hookup PASS
ART.spikes_shallow_bounded.2.0x2.0.0 PASS
ART.spikes_envelope PASS
ART.spikes_body_support PASS
ART.spikes_hookup PASS
ART.spikes_shallow_bounded.2.0x2.0.1 PASS
ART.spikes_envelope PASS
ART.spikes_body_support PASS
ART.spikes_hookup PASS
ART.spikes_shallow_bounded.2.0x2.0.2 PASS
ART.spikes_envelope PASS
ART.spikes_body_support PASS
ART.spikes_hookup PASS
ART.spikes_shallow_bounded.2.0x2.0.3 PASS
ART.spikes_envelope PASS
ART.spikes_body_support PASS
ART.spikes_hookup PASS
ART.spikes_shallow_bounded.2.0x2.0.4 PASS
ART.spikes_envelope PASS
ART.spikes_body_support PASS
ART.spikes_hookup PASS
ART.spikes_shallow_bounded.2.0x2.0.5 PASS
ART.spikes_envelope PASS
ART.spikes_body_support PASS
ART.spikes_hookup PASS
ART.spikes_shallow_bounded.2.0x2.0.6 PASS
ART.spikes_envelope PASS
ART.spikes_body_support PASS
ART.spikes_hookup PASS
ART.spikes_shallow_bounded.2.0x2.0.7 PASS
ART.spikes_envelope PASS
ART.spikes_body_support PASS
ART.spikes_hookup PASS
ART.spikes_shallow_bounded.2.0x2.0.8 PASS
ART.spikes_envelope PASS
ART.spikes_body_support PASS
ART.spikes_hookup PASS
ART.spikes_shallow_bounded.2.0x2.0.9 PASS
ART.spikes_envelope PASS
ART.spikes_body_support PASS
ART.spikes_hookup PASS
ART.spikes_shallow_bounded.8.4x11.9.0 PASS
ART.spikes_envelope PASS
ART.spikes_body_support PASS
ART.spikes_hookup PASS
ART.spikes_shallow_bounded.8.4x11.9.1 PASS
ART.spikes_envelope PASS
ART.spikes_body_support PASS
ART.spikes_hookup PASS
ART.spikes_shallow_bounded.8.4x11.9.2 PASS
ART.spikes_envelope PASS
ART.spikes_body_support PASS
ART.spikes_hookup PASS
ART.spikes_shallow_bounded.8.4x11.9.3 PASS
ART.spikes_envelope PASS
ART.spikes_body_support PASS
ART.spikes_hookup PASS
ART.spikes_shallow_bounded.8.4x11.9.4 PASS
ART.spikes_envelope PASS
ART.spikes_body_support PASS
ART.spikes_hookup PASS
ART.spikes_shallow_bounded.8.4x11.9.5 PASS
ART.spikes_envelope PASS
ART.spikes_body_support PASS
ART.spikes_hookup PASS
ART.spikes_shallow_bounded.8.4x11.9.6 PASS
ART.spikes_envelope PASS
ART.spikes_body_support PASS
ART.spikes_hookup PASS
ART.spikes_shallow_bounded.8.4x11.9.7 PASS
ART.spikes_envelope PASS
ART.spikes_body_support PASS
ART.spikes_hookup PASS
ART.spikes_shallow_bounded.8.4x11.9.8 PASS
ART.spikes_envelope PASS
ART.spikes_body_support PASS
ART.spikes_hookup PASS
ART.spikes_shallow_bounded.8.4x11.9.9 PASS
ART.spikes_envelope PASS
ART.spikes_body_support PASS
ART.spikes_hookup PASS
ART.spikes_shallow_bounded.5.2x11.9.0 PASS
ART.spikes_envelope PASS
ART.spikes_body_support PASS
ART.spikes_hookup PASS
ART.spikes_shallow_bounded.5.2x11.9.1 PASS
ART.spikes_envelope PASS
ART.spikes_body_support PASS
ART.spikes_hookup PASS
ART.spikes_shallow_bounded.5.2x11.9.2 PASS
ART.spikes_envelope PASS
ART.spikes_body_support PASS
ART.spikes_hookup PASS
ART.spikes_shallow_bounded.5.2x11.9.3 PASS
ART.spikes_envelope PASS
ART.spikes_body_support PASS
ART.spikes_hookup PASS
ART.spikes_shallow_bounded.5.2x11.9.4 PASS
ART.spikes_envelope PASS
ART.spikes_body_support PASS
ART.spikes_hookup PASS
ART.spikes_shallow_bounded.5.2x11.9.5 PASS
ART.spikes_envelope PASS
ART.spikes_body_support PASS
ART.spikes_hookup PASS
ART.spikes_shallow_bounded.5.2x11.9.6 PASS
ART.spikes_envelope PASS
ART.spikes_body_support PASS
ART.spikes_hookup PASS
ART.spikes_shallow_bounded.5.2x11.9.7 PASS
ART.spikes_envelope PASS
ART.spikes_body_support PASS
ART.spikes_hookup PASS
ART.spikes_shallow_bounded.5.2x11.9.8 PASS
ART.spikes_envelope PASS
ART.spikes_body_support PASS
ART.spikes_hookup PASS
ART.spikes_shallow_bounded.5.2x11.9.9 PASS
ART.spikes_envelope PASS
ART.spikes_body_support PASS
ART.saw_hookup PASS
ART.saw_axle_bounds PASS
ART.saw_active_motion PASS
ART.saw_persistent_independent_jam PASS
ART.saw_remaining_contributor PASS
ART.saw_held_excluded PASS
ART.saw_immediate_reactivation PASS
ART.saw_hookup PASS
ART.saw_axle_bounds PASS
ART.saw_active_motion PASS
ART.saw_persistent_independent_jam PASS
ART.saw_remaining_contributor PASS
ART.saw_held_excluded PASS
ART.saw_immediate_reactivation PASS
ART.saw_hookup PASS
ART.saw_axle_bounds PASS
ART.saw_active_motion PASS
ART.saw_persistent_independent_jam PASS
ART.saw_remaining_contributor PASS
ART.saw_held_excluded PASS
ART.saw_immediate_reactivation PASS
ART.saw_hookup PASS
ART.saw_axle_bounds PASS
ART.saw_active_motion PASS
ART.saw_persistent_independent_jam PASS
ART.saw_remaining_contributor PASS
ART.saw_held_excluded PASS
ART.saw_immediate_reactivation PASS
ART.saw_hookup PASS
ART.saw_axle_bounds PASS
ART.saw_active_motion PASS
ART.saw_persistent_independent_jam PASS
ART.saw_remaining_contributor PASS
ART.saw_held_excluded PASS
ART.saw_immediate_reactivation PASS
ART.saw_hookup PASS
ART.saw_axle_bounds PASS
ART.saw_active_motion PASS
ART.saw_persistent_independent_jam PASS
ART.saw_remaining_contributor PASS
ART.saw_held_excluded PASS
ART.saw_immediate_reactivation PASS
ART.saw_hookup PASS
ART.saw_axle_bounds PASS
ART.saw_active_motion PASS
ART.saw_persistent_independent_jam PASS
ART.saw_remaining_contributor PASS
ART.saw_held_excluded PASS
ART.saw_immediate_reactivation PASS
ART.saw_hookup PASS
ART.saw_axle_bounds PASS
ART.saw_active_motion PASS
ART.saw_persistent_independent_jam PASS
ART.saw_remaining_contributor PASS
ART.saw_held_excluded PASS
ART.saw_immediate_reactivation PASS
ART.saw_hookup PASS
ART.saw_axle_bounds PASS
ART.saw_active_motion PASS
ART.saw_persistent_independent_jam PASS
ART.saw_remaining_contributor PASS
ART.saw_held_excluded PASS
ART.saw_immediate_reactivation PASS
ART.saw_hookup PASS
ART.saw_axle_bounds PASS
ART.saw_active_motion PASS
ART.saw_persistent_independent_jam PASS
ART.saw_remaining_contributor PASS
ART.saw_held_excluded PASS
ART.saw_immediate_reactivation PASS
ART.anvil_hookup PASS
ART.anvil_phase.0.0 PASS
ART.anvil_phase.0.85 PASS
ART.anvil_phase.0.925 PASS
ART.anvil_phase.1.0 PASS
ART.anvil_phase.1.2 PASS
ART.anvil_phase.1.7 PASS
ART.anvil_phase.2.2 PASS
ART.anvil_phase.2.9 PASS
ART.anvil_pivot_footprint PASS
ART.anvil_owner_strike_agreement PASS
ART.anvil_pause PASS
ART.anvil_skipped_phase_no_replayed_pose PASS
ART.anvil_retired_no_update PASS
ART.anvil_hookup PASS
ART.anvil_phase.0.0 PASS
ART.anvil_phase.0.85 PASS
ART.anvil_phase.0.925 PASS
ART.anvil_phase.1.0 PASS
ART.anvil_phase.1.2 PASS
ART.anvil_phase.1.7 PASS
ART.anvil_phase.2.2 PASS
ART.anvil_phase.2.9 PASS
ART.anvil_pivot_footprint PASS
ART.anvil_owner_strike_agreement PASS
ART.anvil_pause PASS
ART.anvil_skipped_phase_no_replayed_pose PASS
ART.anvil_retired_no_update PASS
ART.anvil_hookup PASS
ART.anvil_phase.0.0 PASS
ART.anvil_phase.0.85 PASS
ART.anvil_phase.0.925 PASS
ART.anvil_phase.1.0 PASS
ART.anvil_phase.1.2 PASS
ART.anvil_phase.1.7 PASS
ART.anvil_phase.2.2 PASS
ART.anvil_phase.2.9 PASS
ART.anvil_pivot_footprint PASS
ART.anvil_owner_strike_agreement PASS
ART.anvil_pause PASS
ART.anvil_skipped_phase_no_replayed_pose PASS
ART.anvil_retired_no_update PASS
ART.anvil_hookup PASS
ART.anvil_phase.0.0 PASS
ART.anvil_phase.0.85 PASS
ART.anvil_phase.0.925 PASS
ART.anvil_phase.1.0 PASS
ART.anvil_phase.1.2 PASS
ART.anvil_phase.1.7 PASS
ART.anvil_phase.2.2 PASS
ART.anvil_phase.2.9 PASS
ART.anvil_pivot_footprint PASS
ART.anvil_owner_strike_agreement PASS
ART.anvil_pause PASS
ART.anvil_skipped_phase_no_replayed_pose PASS
ART.anvil_retired_no_update PASS
ART.anvil_hookup PASS
ART.anvil_phase.0.0 PASS
ART.anvil_phase.0.85 PASS
ART.anvil_phase.0.925 PASS
ART.anvil_phase.1.0 PASS
ART.anvil_phase.1.2 PASS
ART.anvil_phase.1.7 PASS
ART.anvil_phase.2.2 PASS
ART.anvil_phase.2.9 PASS
ART.anvil_pivot_footprint PASS
ART.anvil_owner_strike_agreement PASS
ART.anvil_pause PASS
ART.anvil_skipped_phase_no_replayed_pose PASS
ART.anvil_retired_no_update PASS
ART.anvil_hookup PASS
ART.anvil_phase.0.0 PASS
ART.anvil_phase.0.85 PASS
ART.anvil_phase.0.925 PASS
ART.anvil_phase.1.0 PASS
ART.anvil_phase.1.2 PASS
ART.anvil_phase.1.7 PASS
ART.anvil_phase.2.2 PASS
ART.anvil_phase.2.9 PASS
ART.anvil_pivot_footprint PASS
ART.anvil_owner_strike_agreement PASS
ART.anvil_pause PASS
ART.anvil_skipped_phase_no_replayed_pose PASS
ART.anvil_retired_no_update PASS
ART.anvil_hookup PASS
ART.anvil_phase.0.0 PASS
ART.anvil_phase.0.85 PASS
ART.anvil_phase.0.925 PASS
ART.anvil_phase.1.0 PASS
ART.anvil_phase.1.2 PASS
ART.anvil_phase.1.7 PASS
ART.anvil_phase.2.2 PASS
ART.anvil_phase.2.9 PASS
ART.anvil_pivot_footprint PASS
ART.anvil_owner_strike_agreement PASS
ART.anvil_pause PASS
ART.anvil_skipped_phase_no_replayed_pose PASS
ART.anvil_retired_no_update PASS
ART.anvil_hookup PASS
ART.anvil_phase.0.0 PASS
ART.anvil_phase.0.85 PASS
ART.anvil_phase.0.925 PASS
ART.anvil_phase.1.0 PASS
ART.anvil_phase.1.2 PASS
ART.anvil_phase.1.7 PASS
ART.anvil_phase.2.2 PASS
ART.anvil_phase.2.9 PASS
ART.anvil_pivot_footprint PASS
ART.anvil_owner_strike_agreement PASS
ART.anvil_pause PASS
ART.anvil_skipped_phase_no_replayed_pose PASS
ART.anvil_retired_no_update PASS
ART.anvil_hookup PASS
ART.anvil_phase.0.0 PASS
ART.anvil_phase.0.85 PASS
ART.anvil_phase.0.925 PASS
ART.anvil_phase.1.0 PASS
ART.anvil_phase.1.2 PASS
ART.anvil_phase.1.7 PASS
ART.anvil_phase.2.2 PASS
ART.anvil_phase.2.9 PASS
ART.anvil_pivot_footprint PASS
ART.anvil_owner_strike_agreement PASS
ART.anvil_pause PASS
ART.anvil_skipped_phase_no_replayed_pose PASS
ART.anvil_retired_no_update PASS
ART.anvil_hookup PASS
ART.anvil_phase.0.0 PASS
ART.anvil_phase.0.85 PASS
ART.anvil_phase.0.925 PASS
ART.anvil_phase.1.0 PASS
ART.anvil_phase.1.2 PASS
ART.anvil_phase.1.7 PASS
ART.anvil_phase.2.2 PASS
ART.anvil_phase.2.9 PASS
ART.anvil_pivot_footprint PASS
ART.anvil_owner_strike_agreement PASS
ART.anvil_pause PASS
ART.anvil_skipped_phase_no_replayed_pose PASS
ART.anvil_retired_no_update PASS
ART.manifest_three_trial_assets PASS
ART.provenance.kaykit_spike_cluster PASS
ART.dependency.assets/art/kaykit_dungeon/spike_cluster.glb PASS
ART.runtime_hash.kaykit_spike_cluster PASS
ART.import_isolation.kaykit_spike_cluster PASS
ART.inventory_matches.kaykit_spike_cluster PASS
ART.provenance.iron_anvil PASS
ART.dependency.assets/art/iron_anvil/anvil.glb PASS
ART.runtime_hash.iron_anvil PASS
ART.import_isolation.iron_anvil PASS
ART.inventory_matches.iron_anvil PASS
ART.provenance.sawblade PASS
ART.dependency.assets/art/sawblade/sawblade.glb PASS
ART.runtime_hash.sawblade PASS
ART.import_isolation.sawblade PASS
ART.inventory_matches.sawblade PASS
ART.cosmetic_updates_do_not_mutate_state PASS
ART.fixture_candidate_hookup PASS
ART.fixture_candidate_hookup PASS
ART.fixture_candidate_hookup PASS
ART.fixture_muted_review PASS
ART.fixture_pause_isolated PASS
ART.fixture_label_free PASS
ART.fixture_fresh_baseline PASS
ART.fixture_fresh_candidate PASS
